ï¿½ï¿½Jï¿½ï¿½Ñ¹esp32: SPI Mode      ï¿½ets Jul 29 2019 12:21:46

rst:0x1 (POWERON_RESET),boot:0x17 (SPI_FAST_FLASH_BOOT)
configsip: 0, SPIWP:0xee
clk_drv:0x00,q_drv:0x00,d_drv:0x00,cs0_drv:0x00,hd_drv:0x00,wp_drv:0x00
mode:DIO, clock div:2
load:0x3fff0030,len:6276
load:0x40078000,len:15748
load:0x40080400,len:4
ho 8 tail 4 room 4
load:0x40080404,len:3860
entry 0x4008063c
[0;32mI (31) boot: ESP-IDF v5.4.1 2nd stage bootloader[0m
[0;32mI (31) boot: compile time Apr 27 2025 13:59:30[0m
[0;32mI (31) boot: Multicore bootloader[0m
[0;32mI (32) boot: chip revision: v3.1[0m
[0;32mI (35) boot.esp32: SPI Speed      : 40MHz[0m
[0;32mI (39) boot.esp32: SPI Mode       : DIO[0m
[0;32mI (43) boot.esp32: SPI Flash Size : 2MB[0m
[0;32mI (46) boot: Enabling RNG early entropy source...[0m
[0;32mI (51) boot: Partition Table:[0m
[0;32mI (53) boot: ## Label            Usage          Type ST Offset   Length[0m
[0;32mI (60) boot:  0 nvs              WiFi data        01 02 00009000 00006000[0m
[0;32mI (66) boot:  1 phy_init         RF data          01 01 0000f000 00001000[0m
[0;32mI (73) boot:  2 factory          factory app      00 00 00010000 00100000[0m
[0;32mI (79) boot: End of partition table[0m
[0;32mI (82) esp_image: segment 0: paddr=00010020 vaddr=3f400020 size=19670h (104048) map[0m
[0;32mI (125) esp_image: segment 1: paddr=00029698 vaddr=3ff80000 size=0001ch (    28) load[0m
[0;32mI (126) esp_image: segment 2: paddr=000296bc vaddr=3ffb0000 size=03f60h ( 16224) load[0m
[0;32mI (135) esp_image: segment 3: paddr=0002d624 vaddr=40080000 size=029f4h ( 10740) load[0m
[0;32mI (141) esp_image: segment 4: paddr=00030020 vaddr=400d0020 size=89718h (562968) map[0m
[0;32mI (337) esp_image: segment 5: paddr=000b9740 vaddr=400829f4 size=14dcch ( 85452) load[0m
[0;32mI (381) boot: Loaded app from partition at offset 0x10000[0m
[0;32mI (381) boot: Disabling RNG early entropy source...[0m
[0;32mI (392) cpu_start: Multicore app[0m
[0;32mI (400) cpu_start: Pro cpu start user code[0m
[0;32mI (400) cpu_start: cpu freq: 160000000 Hz[0m
[0;32mI (400) app_init: Application information:[0m
[0;32mI (400) app_init: Project name:     esp-lcd-time[0m
[0;32mI (405) app_init: App version:      c8255db-dirty[0m
[0;32mI (409) app_init: Compile time:     Apr 29 2025 14:42:54[0m
[0;32mI (414) app_init: ELF file SHA256:  5039a01ad...[0m
[0;32mI (418) app_init: ESP-IDF:          v5.4.1[0m
[0;32mI (422) efuse_init: Min chip rev:     v0.0[0m
[0;32mI (426) efuse_init: Max chip rev:     v3.99 [0m
[0;32mI (430) efuse_init: Chip rev:         v3.1[0m
[0;32mI (434) heap_init: Initializing. RAM available for dynamic allocation:[0m
[0;32mI (440) heap_init: At 3FFAE6E0 len 00001920 (6 KiB): DRAM[0m
[0;32mI (445) heap_init: At 3FFB8760 len 000278A0 (158 KiB): DRAM[0m
[0;32mI (451) heap_init: At 3FFE0440 len 00003AE0 (14 KiB): D/IRAM[0m
[0;32mI (456) heap_init: At 3FFE4350 len 0001BCB0 (111 KiB): D/IRAM[0m
[0;32mI (461) heap_init: At 400977C0 len 00008840 (34 KiB): IRAM[0m
[0;32mI (468) spi_flash: detected chip: generic[0m
[0;32mI (470) spi_flash: flash io: dio[0m
[0;33mW (473) spi_flash: Detected size(4096k) larger than the size in the binary image header(2048k). Using the size in the binary image header.[0m
[0;32mI (487) main_task: Started on CPU0[0m
[0;32mI (497) main_task: Calling app_main()[0m
[0;32mI (527) wifi:wifi driver task: 3ffc06dc, prio:23, stack:6656, core=0[0m
[0;32mI (537) wifi:wifi firmware version: 79fa3f41ba[0m
[0;32mI (537) wifi:wifi certification version: v7.0[0m
[0;32mI (537) wifi:config NVS flash: enabled[0m
[0;32mI (537) wifi:config nano formatting: disabled[0m
[0;32mI (537) wifi:Init data frame dynamic rx buffer num: 32[0m
[0;32mI (547) wifi:Init static rx mgmt buffer num: 5[0m
[0;32mI (547) wifi:Init management short buffer num: 32[0m
[0;32mI (557) wifi:Init dynamic tx buffer num: 32[0m
[0;32mI (557) wifi:Init static rx buffer size: 1600[0m
[0;32mI (567) wifi:Init static rx buffer num: 10[0m
[0;32mI (567) wifi:Init dynamic rx buffer num: 32[0m
[0;32mI (567) wifi_init: rx ba win: 6[0m
[0;32mI (577) wifi_init: accept mbox: 6[0m
[0;32mI (577) wifi_init: tcpip mbox: 32[0m
[0;32mI (577) wifi_init: udp mbox: 6[0m
[0;32mI (587) wifi_init: tcp mbox: 6[0m
[0;32mI (587) wifi_init: tcp tx win: 5760[0m
[0;32mI (587) wifi_init: tcp rx win: 5760[0m
[0;32mI (587) wifi_init: tcp mss: 1440[0m
[0;32mI (597) wifi_init: WiFi IRAM OP enabled[0m
[0;32mI (597) wifi_init: WiFi RX IRAM OP enabled[0m
[0;33mW (607) wifi:Password length matches WPA2 standards, authmode threshold changes from OPEN to WPA2[0m
[0;32mI (617) phy_init: phy_version 4860,6b7a6e5,Feb  6 2025,14:47:07[0m
[0;32mI (687) wifi:mode : sta (d8:bc:38:e5:04:58)[0m
[0;32mI (687) wifi:enable tsf[0m
[0;32mI (3107) wifi: Retrying connection...[0m
[0;32mI (5527) wifi: Retrying connection...[0m
[0;32mI (7937) wifi: Retrying connection...[0m
[0;32mI (10347) wifi: Retrying connection...[0m
[0;32mI (12767) wifi: Retrying connection...[0m
[0;32mI (15177) wifi: Retrying connection...[0m
[0;32mI (17597) wifi: Retrying connection...[0m
[0;32mI (20007) wifi: Retrying connection...[0m
[0;32mI (20697) time_sync: Starting SNTP...[0m
[0;32mI (20697) time_sync: Waiting for system time to be set... (1/10)[0m
[0;32mI (22417) wifi: Retrying connection...[0m
[0;32mI (24837) wifi: Retrying connection...[0m
[0;32mI (27247) wifi: Retrying connection...[0m
[0;32mI (29667) wifi: Retrying connection...[0m
[0;32mI (32077) wifi: Retrying connection...[0m
[0;32mI (34487) wifi: Retrying connection...[0m
[0;32mI (36907) wifi: Retrying connection...[0m
[0;32mI (39317) wifi: Retrying connection...[0m
[0;32mI (40697) time_sync: Waiting for system time to be set... (2/10)[0m
[0;32mI (41737) wifi: Retrying connection...[0m
[0;32mI (44147) wifi: Retrying connection...[0m
[0;32mI (46557) wifi: Retrying connection...[0m
[0;32mI (48977) wifi: Retrying connection...[0m
[0;32mI (51387) wifi: Retrying connection...[0m
[0;32mI (53807) wifi: Retrying connection...[0m
[0;32mI (56217) wifi: Retrying connection...[0m
[0;32mI (58627) wifi: Retrying connection...[0m
[0;32mI (60697) time_sync: Waiting for system time to be set... (3/10)[0m
[0;32mI (61047) wifi: Retrying connection...[0m
[0;32mI (63457) wifi: Retrying connection...[0m
[0;32mI (65877) wifi: Retrying connection...[0m
[0;32mI (68287) wifi: Retrying connection...[0m
[0;32mI (70697) wifi: Retrying connection...[0m
[0;32mI (73117) wifi: Retrying connection...[0m
[0;32mI (75527) wifi: Retrying connection...[0m
[0;32mI (77947) wifi: Retrying connection...[0m
[0;32mI (80357) wifi: Retrying connection...[0m
[0;32mI (80697) time_sync: Waiting for system time to be set... (4/10)[0m
[0;32mI (82767) wifi: Retrying connection...[0m
[0;32mI (85187) wifi: Retrying connection...[0m
[0;32mI (87597) wifi: Retrying connection...[0m
[0;32mI (90017) wifi: Retrying connection...[0m
[0;32mI (92427) wifi: Retrying connection...[0m
[0;32mI (94837) wifi: Retrying connection...[0m
[0;32mI (97257) wifi: Retrying connection...[0m
[0;32mI (99667) wifi: Retrying connection...[0m
[0;32mI (100697) time_sync: Waiting for system time to be set... (5/10)[0m
[0;32mI (102087) wifi: Retrying connection...[0m
[0;32mI (104497) wifi: Retrying connection...[0m
[0;32mI (106907) wifi: Retrying connection...[0m
[0;32mI (109327) wifi: Retrying connection...[0m
[0;32mI (111737) wifi: Retrying connection...[0m
[0;32mI (114157) wifi: Retrying connection...[0m
[0;32mI (116567) wifi: Retrying connection...[0m
