ë‹¹esp32: SPI Mode   ï¿½ets Jul 29 2019 12:21:46

rst:0x1 (POWERON_RESET),boot:0x17 (SPI_FAST_FLASH_BOOT)
configsip: 0, SPIWP:0xee
clk_drv:0x00,q_drv:0x00,d_drv:0x00,cs0_drv:0x00,hd_drv:0x00,wp_drv:0x00
mode:DIO, clock div:2
load:0x3fff0030,len:6276
load:0x40078000,len:15748
load:0x40080400,len:4
ho 8 tail 4 room 4
load:0x40080404,len:3860
entry 0x4008063c
[0;32mI (31) boot: ESP-IDF v5.4.1 2nd stage bootloader[0m
[0;32mI (31) boot: compile time Apr 27 2025 13:59:30[0m
[0;32mI (31) boot: Multicore bootloader[0m
[0;32mI (32) boot: chip revision: v3.1[0m
[0;32mI (35) boot.esp32: SPI Speed      : 40MHz[0m
[0;32mI (39) boot.esp32: SPI Mode       : DIO[0m
[0;32mI (43) boot.esp32: SPI Flash Size : 2MB[0m
[0;32mI (46) boot: Enabling RNG early entropy source...[0m
[0;32mI (51) boot: Partition Table:[0m
[0;32mI (53) boot: ## Label            Usage          Type ST Offset   Length[0m
[0;32mI (60) boot:  0 nvs              WiFi data        01 02 00009000 00006000[0m
[0;32mI (66) boot:  1 phy_init         RF data          01 01 0000f000 00001000[0m
[0;32mI (73) boot:  2 factory          factory app      00 00 00010000 00100000[0m
[0;32mI (79) boot: End of partition table[0m
[0;32mI (82) esp_image: segment 0: paddr=00010020 vaddr=3f400020 size=19090h (102544) map[0m
[0;32mI (125) esp_image: segment 1: paddr=000290b8 vaddr=3ff80000 size=0001ch (    28) load[0m
[0;32mI (125) esp_image: segment 2: paddr=000290dc vaddr=3ffb0000 size=03f60h ( 16224) load[0m
[0;32mI (135) esp_image: segment 3: paddr=0002d044 vaddr=40080000 size=02fd4h ( 12244) load[0m
[0;32mI (141) esp_image: segment 4: paddr=00030020 vaddr=400d0020 size=883c0h (558016) map[0m
[0;32mI (334) esp_image: segment 5: paddr=000b83e8 vaddr=40082fd4 size=147ech ( 83948) load[0m
[0;32mI (379) boot: Loaded app from partition at offset 0x10000[0m
[0;32mI (379) boot: Disabling RNG early entropy source...[0m
[0;32mI (389) cpu_start: Multicore app[0m
[0;32mI (397) cpu_start: Pro cpu start user code[0m
[0;32mI (397) cpu_start: cpu freq: 160000000 Hz[0m
[0;32mI (398) app_init: Application information:[0m
[0;32mI (398) app_init: Project name:     esp-lcd-time[0m
[0;32mI (402) app_init: App version:      1[0m
[0;32mI (405) app_init: Compile time:     Apr 27 2025 13:58:41[0m
[0;32mI (410) app_init: ELF file SHA256:  fff808f32...[0m
[0;32mI (415) app_init: ESP-IDF:          v5.4.1[0m
[0;32mI (418) efuse_init: Min chip rev:     v0.0[0m
[0;32mI (422) efuse_init: Max chip rev:     v3.99 [0m
[0;32mI (426) efuse_init: Chip rev:         v3.1[0m
[0;32mI (430) heap_init: Initializing. RAM available for dynamic allocation:[0m
[0;32mI (437) heap_init: At 3FFAE6E0 len 00001920 (6 KiB): DRAM[0m
[0;32mI (442) heap_init: At 3FFB8758 len 000278A8 (158 KiB): DRAM[0m
[0;32mI (447) heap_init: At 3FFE0440 len 00003AE0 (14 KiB): D/IRAM[0m
[0;32mI (452) heap_init: At 3FFE4350 len 0001BCB0 (111 KiB): D/IRAM[0m
[0;32mI (458) heap_init: At 400977C0 len 00008840 (34 KiB): IRAM[0m
[0;32mI (464) spi_flash: detected chip: generic[0m
[0;32mI (467) spi_flash: flash io: dio[0m
[0;33mW (470) spi_flash: Detected size(4096k) larger than the size in the binary image header(2048k). Using the size in the binary image header.[0m
[0;32mI (483) main_task: Started on CPU0[0m
[0;32mI (493) main_task: Calling app_main()[0m
[0;32mI (523) wifi:wifi driver task: 3ffc0650, prio:23, stack:6656, core=0[0m
[0;32mI (533) wifi:wifi firmware version: 79fa3f41ba[0m
[0;32mI (533) wifi:wifi certification version: v7.0[0m
[0;32mI (533) wifi:config NVS flash: enabled[0m
[0;32mI (533) wifi:config nano formatting: disabled[0m
[0;32mI (533) wifi:Init data frame dynamic rx buffer num: 32[0m
[0;32mI (543) wifi:Init static rx mgmt buffer num: 5[0m
[0;32mI (543) wifi:Init management short buffer num: 32[0m
[0;32mI (553) wifi:Init dynamic tx buffer num: 32[0m
[0;32mI (553) wifi:Init static rx buffer size: 1600[0m
[0;32mI (563) wifi:Init static rx buffer num: 10[0m
[0;32mI (563) wifi:Init dynamic rx buffer num: 32[0m
[0;32mI (563) wifi_init: rx ba win: 6[0m
[0;32mI (573) wifi_init: accept mbox: 6[0m
[0;32mI (573) wifi_init: tcpip mbox: 32[0m
[0;32mI (573) wifi_init: udp mbox: 6[0m
[0;32mI (583) wifi_init: tcp mbox: 6[0m
[0;32mI (583) wifi_init: tcp tx win: 5760[0m
[0;32mI (583) wifi_init: tcp rx win: 5760[0m
[0;32mI (583) wifi_init: tcp mss: 1440[0m
[0;32mI (593) wifi_init: WiFi IRAM OP enabled[0m
[0;32mI (593) wifi_init: WiFi RX IRAM OP enabled[0m
[0;33mW (603) wifi:Password length matches WPA2 standards, authmode threshold changes from OPEN to WPA2[0m
[0;32mI (613) phy_init: phy_version 4860,6b7a6e5,Feb  6 2025,14:47:07[0m
[0;32mI (683) wifi:mode : sta (d8:bc:38:e5:04:58)[0m
[0;32mI (683) wifi:enable tsf[0m
[0;32mI (703) wifi:new:<6,0>, old:<1,0>, ap:<255,255>, sta:<6,0>, prof:1, snd_ch_cfg:0x0[0m
[0;32mI (703) wifi:state: init -> auth (0xb0)[0m
[0;32mI (713) wifi:state: auth -> assoc (0x0)[0m
[0;32mI (733) wifi:state: assoc -> run (0x10)[0m
[0;32mI (843) wifi:connected with Airtel_Melvin_5G, aid = 2, channel 6, BW20, bssid = 5c:8c:30:bf:53:89[0m
[0;32mI (853) wifi:security: WPA2-PSK, phy: bgn, rssi: -77[0m
[0;32mI (853) wifi:pm start, type: 1[0m

[0;32mI (853) wifi:dp: 1, bi: 102400, li: 3, scale listen interval from 307200 us to 307200 us[0m
[0;32mI (973) wifi:AP's beacon interval = 102400 us, DTIM period = 1[0m
[0;32mI (983) wifi:<ba-add>idx:0 (ifx:0, 5c:8c:30:bf:53:89), tid:0, ssn:2, winSize:64[0m
[0;32mI (2183) esp_netif_handlers: sta ip: 192.168.1.8, mask: 255.255.255.0, gw: 192.168.1.1[0m
[0;32mI (2183) wifi: Wi-Fi Connected Successfully![0m
[0;32mI (10693) time_sync: Starting SNTP...[0m
[0;32mI (10693) time_sync: Waiting for system time to be set... (1/10)[0m
[0;32mI (12693) time_sync: Time synchronized successfully![0m
Current time: 22:29:52
Current time: 22:29:53
Current time: 22:29:54
Current time: 22:29:55
Current time: 22:29:56
Current time: 22:29:57
Current time: 22:29:58
Current time: 22:29:59
Current time: 22:30:00
Current time: 22:30:01
Current time: 22:30:02
Current time: 22:30:03
Current time: 22:30:04
Current time: 22:30:05
Current time: 22:30:06
Current time: 22:30:07
Current time: 22:30:08
Current time: 22:30:09
Current time: 22:30:10
Current time: 22:30:11
Current time: 22:30:12
Current time: 22:30:13
Current time: 22:30:14
Current time: 22:30:15
Current time: 22:30:16
Current time: 22:30:17
Current time: 22:30:18
Current time: 22:30:19
Current time: 22:30:20
Current time: 22:30:21
Current time: 22:30:22
Current time: 22:30:23
Current time: 22:30:24
Current time: 22:30:25
Current time: 22:30:26
Current time: 22:30:27
Current time: 22:30:28
Current time: 22:30:29
Current time: 22:30:30
Current time: 22:30:31
Current time: 22:30:32
Current time: 22:30:33
Current time: 22:30:34
Current time: 22:30:35
Current time: 22:30:36
Current time: 22:30:37
Current time: 22:30:38
Current time: 22:30:39
Current time: 22:30:40
Current time: 22:30:41
Current time: 22:30:42
Current time: 22:30:43
Current time: 22:30:44
Current time: 22:30:45
Current time: 22:30:46
Current time: 22:30:47
Current time: 22:30:48
Current time: 22:30:49
Current time: 22:30:50
Current time: 22:30:51
Current time: 22:30:52
Current time: 22:30:53
Current time: 22:30:54
Current time: 22:30:55
Current time: 22:30:56
Current time: 22:30:57
Current time: 22:30:58
Current time: 22:30:59
Current time: 22:31:00
Current time: 22:31:01
Current time: 22:31:02
Current time: 22:31:03
Current time: 22:31:04
Current time: 22:31:05
Current time: 22:31:06
Current time: 22:31:07
Current time: 22:31:08
Current time: 22:31:09
Current time: 22:31:10
Current time: 22:31:11
Current time: 22:31:12
Current time: 22:31:13
Current time: 22:31:14
Current time: 22:31:15
Current time: 22:31:16
Current time: 22:31:17
Current time: 22:31:18
Current time: 22:31:19
Current time: 22:31:20
Current time: 22:31:21
Current time: 22:31:22
Current time: 22:31:23
Current time: 22:31:24
Current time: 22:31:25
Current time: 22:31:26
Current time: 22:31:27
Current time: 22:31:28
Current time: 22:31:29
Current time: 22:31:30
Current time: 22:31:31
Current time: 22:31:32
Current time: 22:31:33
Current time: 22:31:34
