ï¿½Jï¿½ï¿½Ñ¹esp32: SPI Modeï¿½ets Jul 29 2019 12:21:46

rst:0x1 (POWERON_RESET),boot:0x17 (SPI_FAST_FLASH_BOOT)
configsip: 0, SPIWP:0xee
clk_drv:0x00,q_drv:0x00,d_drv:0x00,cs0_drv:0x00,hd_drv:0x00,wp_drv:0x00
mode:DIO, clock div:2
load:0x3fff0030,len:6276
load:0x40078000,len:15748
load:0x40080400,len:4
ho 8 tail 4 room 4
load:0x40080404,len:3860
entry 0x4008063c
[0;32mI (31) boot: ESP-IDF v5.4.1 2nd stage bootloader[0m
[0;32mI (31) boot: compile time Apr 27 2025 13:59:30[0m
[0;32mI (31) boot: Multicore bootloader[0m
[0;32mI (32) boot: chip revision: v3.1[0m
[0;32mI (35) boot.esp32: SPI Speed      : 40MHz[0m
[0;32mI (39) boot.esp32: SPI Mode       : DIO[0m
[0;32mI (43) boot.esp32: SPI Flash Size : 2MB[0m
[0;32mI (46) boot: Enabling RNG early entropy source...[0m
[0;32mI (51) boot: Partition Table:[0m
[0;32mI (53) boot: ## Label            Usage          Type ST Offset   Length[0m
[0;32mI (60) boot:  0 nvs              WiFi data        01 02 00009000 00006000[0m
[0;32mI (66) boot:  1 phy_init         RF data          01 01 0000f000 00001000[0m
[0;32mI (73) boot:  2 factory          factory app      00 00 00010000 00100000[0m
[0;32mI (79) boot: End of partition table[0m
[0;32mI (82) esp_image: segment 0: paddr=00010020 vaddr=3f400020 size=19080h (102528) map[0m
[0;32mI (125) esp_image: segment 1: paddr=000290a8 vaddr=3ff80000 size=0001ch (    28) load[0m
[0;32mI (125) esp_image: segment 2: paddr=000290cc vaddr=3ffb0000 size=03f60h ( 16224) load[0m
[0;32mI (135) esp_image: segment 3: paddr=0002d034 vaddr=40080000 size=02fe4h ( 12260) load[0m
[0;32mI (141) esp_image: segment 4: paddr=00030020 vaddr=400d0020 size=883c0h (558016) map[0m
[0;32mI (334) esp_image: segment 5: paddr=000b83e8 vaddr=40082fe4 size=147dch ( 83932) load[0m
[0;32mI (379) boot: Loaded app from partition at offset 0x10000[0m
[0;32mI (379) boot: Disabling RNG early entropy source...[0m
[0;32mI (389) cpu_start: Multicore app[0m
[0;32mI (397) cpu_start: Pro cpu start user code[0m
[0;32mI (397) cpu_start: cpu freq: 160000000 Hz[0m
[0;32mI (398) app_init: Application information:[0m
[0;32mI (398) app_init: Project name:     esp-lcd-time[0m
[0;32mI (402) app_init: App version:      1[0m
[0;32mI (405) app_init: Compile time:     Apr 27 2025 13:58:41[0m
[0;32mI (410) app_init: ELF file SHA256:  a5b2de23a...[0m
[0;32mI (415) app_init: ESP-IDF:          v5.4.1[0m
[0;32mI (418) efuse_init: Min chip rev:     v0.0[0m
[0;32mI (422) efuse_init: Max chip rev:     v3.99 [0m
[0;32mI (426) efuse_init: Chip rev:         v3.1[0m
[0;32mI (430) heap_init: Initializing. RAM available for dynamic allocation:[0m
[0;32mI (437) heap_init: At 3FFAE6E0 len 00001920 (6 KiB): DRAM[0m
[0;32mI (442) heap_init: At 3FFB8758 len 000278A8 (158 KiB): DRAM[0m
[0;32mI (447) heap_init: At 3FFE0440 len 00003AE0 (14 KiB): D/IRAM[0m
[0;32mI (452) heap_init: At 3FFE4350 len 0001BCB0 (111 KiB): D/IRAM[0m
[0;32mI (458) heap_init: At 400977C0 len 00008840 (34 KiB): IRAM[0m
[0;32mI (464) spi_flash: detected chip: generic[0m
[0;32mI (467) spi_flash: flash io: dio[0m
[0;33mW (470) spi_flash: Detected size(4096k) larger than the size in the binary image header(2048k). Using the size in the binary image header.[0m
[0;32mI (483) main_task: Started on CPU0[0m
[0;32mI (493) main_task: Calling app_main()[0m
[0;32mI (523) wifi:wifi driver task: 3ffc0650, prio:23, stack:6656, core=0[0m
[0;32mI (533) wifi:wifi firmware version: 79fa3f41ba[0m
[0;32mI (533) wifi:wifi certification version: v7.0[0m
[0;32mI (533) wifi:config NVS flash: enabled[0m
[0;32mI (533) wifi:config nano formatting: disabled[0m
[0;32mI (533) wifi:Init data frame dynamic rx buffer num: 32[0m
[0;32mI (543) wifi:Init static rx mgmt buffer num: 5[0m
[0;32mI (543) wifi:Init management short buffer num: 32[0m
[0;32mI (553) wifi:Init dynamic tx buffer num: 32[0m
[0;32mI (553) wifi:Init static rx buffer size: 1600[0m
[0;32mI (563) wifi:Init static rx buffer num: 10[0m
[0;32mI (563) wifi:Init dynamic rx buffer num: 32[0m
[0;32mI (563) wifi_init: rx ba win: 6[0m
[0;32mI (573) wifi_init: accept mbox: 6[0m
[0;32mI (573) wifi_init: tcpip mbox: 32[0m
[0;32mI (573) wifi_init: udp mbox: 6[0m
[0;32mI (583) wifi_init: tcp mbox: 6[0m
[0;32mI (583) wifi_init: tcp tx win: 5760[0m
[0;32mI (583) wifi_init: tcp rx win: 5760[0m
[0;32mI (583) wifi_init: tcp mss: 1440[0m
[0;32mI (593) wifi_init: WiFi IRAM OP enabled[0m
[0;32mI (593) wifi_init: WiFi RX IRAM OP enabled[0m
[0;33mW (603) wifi:Password length matches WPA2 standards, authmode threshold changes from OPEN to WPA2[0m
[0;32mI (613) phy_init: phy_version 4860,6b7a6e5,Feb  6 2025,14:47:07[0m
[0;32mI (683) wifi:mode : sta (d8:bc:38:e5:04:58)[0m
[0;32mI (683) wifi:enable tsf[0m
[0;32mI (703) wifi:new:<6,0>, old:<1,0>, ap:<255,255>, sta:<6,0>, prof:1, snd_ch_cfg:0x0[0m
[0;32mI (703) wifi:state: init -> auth (0xb0)[0m
[0;32mI (703) wifi:state: auth -> assoc (0x0)[0m
[0;32mI (713) wifi:state: assoc -> run (0x10)[0m
[0;32mI (823) wifi:connected with Airtel_Melvin_5G, aid = 2, channel 6, BW20, bssid = 5c:8c:30:bf:53:89[0m
[0;32mI (823) wifi:security: WPA2-PSK, phy: bgn, rssi: -67[0m
[0;32mI (823) wifi:pm start, type: 1[0m

[0;32mI (823) wifi:dp: 1, bi: 102400, li: 3, scale listen interval from 307200 us to 307200 us[0m
[0;32mI (843) wifi:AP's beacon interval = 102400 us, DTIM period = 1[0m
[0;32mI (893) wifi:<ba-add>idx:0 (ifx:0, 5c:8c:30:bf:53:89), tid:0, ssn:3, winSize:64[0m
[0;32mI (2093) esp_netif_handlers: sta ip: 192.168.1.8, mask: 255.255.255.0, gw: 192.168.1.1[0m
[0;32mI (2093) wifi: Wi-Fi Connected Successfully![0m
[0;32mI (10693) time_sync: Starting SNTP...[0m
[0;32mI (10693) time_sync: Waiting for system time to be set... (1/10)[0m
[0;32mI (12693) time_sync: Waiting for system time to be set... (2/10)[0m
[0;32mI (14693) time_sync: Waiting for system time to be set... (3/10)[0m
[0;32mI (16693) time_sync: Time synchronized successfully![0m
10:47:07
10:47:08
10:47:09
10:47:10
10:47:11
10:47:12
10:47:13
10:47:14
10:47:15
10:47:16
10:47:17
10:47:18
10:47:19
10:47:20
10:47:21
10:47:22
10:47:23
10:47:24
10:47:25
10:47:26
10:47:27
10:47:28
10:47:29
10:47:30
10:47:31
10:47:32
10:47:33
10:47:34
10:47:35
10:47:36
10:47:37
10:47:38
10:47:39
10:47:40
10:47:41
10:47:42
10:47:43
10:47:44
10:47:45
10:47:46
10:47:47
10:47:48
10:47:49
10:47:50
10:47:51
10:47:52
10:47:53
10:47:54
10:47:55
10:47:56
10:47:57
10:47:58
10:47:59
10:48:00
10:48:01
10:48:02
10:48:03
10:48:04
10:48:05
10:48:06
10:48:07
10:48:08
10:48:09
10:48:10
10:48:11
10:48:12
10:48:13
10:48:14
10:48:15
10:48:16
10:48:17
10:48:18
10:48:19
10:48:20
10:48:21
10:48:22
10:48:23
10:48:24
10:48:25
10:48:26
10:48:27
10:48:28
10:48:29
10:48:30
10:48:31
10:48:32
10:48:33
10:48:34
10:48:35
10:48:36
10:48:37
10:48:38
10:48:39
10:48:40
10:48:41
10:48:42
10:48:43
10:48:44
10:48:45
10:48:46
10:48:47
10:48:48
10:48:49
10:48:50
10:48:51
10:48:52
10:48:53
10:48:54
10:48:55
10:48:56
10:48:57
10:48:58
10:48:59
10:49:00
10:49:01
10:49:02
10:49:03
10:49:04
10:49:05
10:49:06
10:49:07
10:49:08
10:49:09
10:49:10
10:49:11
10:49:12
10:49:13
10:49:14
10:49:15
10:49:16
10:49:17
10:49:18
10:49:19
10:49:20
10:49:21
10:49:22
10:49:23
10:49:24
10:49:25
10:49:26
10:49:27
10:49:28
10:49:29
10:49:30
10:49:31
10:49:32
10:49:33
10:49:34
10:49:35
10:49:36
10:49:37
10:49:38
10:49:39
10:49:40
10:49:41
10:49:42
10:49:43
10:49:44
10:49:45
10:49:46
10:49:47
10:49:48
10:49:49
10:49:50
10:49:51
10:49:52
10:49:53
10:49:54
10:49:55
10:49:56
10:49:57
10:49:58
10:49:59
10:50:00
10:50:01
10:50:02
10:50:03
10:50:04
10:50:05
10:50:06
10:50:07
10:50:08
10:50:09
10:50:10
10:50:11
10:50:12
10:50:13
10:50:14
10:50:15
10:50:16
10:50:17
10:50:18
10:50:19
10:50:20
10:50:21
10:50:22
10:50:23
10:50:24
10:50:25
10:50:26
10:50:27
10:50:28
10:50:29
10:50:30
10:50:31
10:50:32
10:50:33
10:50:34
10:50:35
10:50:36
10:50:37
10:50:38
10:50:39
