ï¿½ï¿½ï¿½ï¿½2: SPI Mode      ets Jul 29 2019 12:21:46

rst:0x1 (POWERON_RESET),boot:0x17 (SPI_FAST_FLASH_BOOT)
configsip: 0, SPIWP:0xee
clk_drv:0x00,q_drv:0x00,d_drv:0x00,cs0_drv:0x00,hd_drv:0x00,wp_drv:0x00
mode:DIO, clock div:2
load:0x3fff0030,len:6276
load:0x40078000,len:15748
load:0x40080400,len:4
ho 8 tail 4 room 4
load:0x40080404,len:3860
entry 0x4008063c
[0;32mI (31) boot: ESP-IDF v5.4.1 2nd stage bootloader[0m
[0;32mI (31) boot: compile time Apr 27 2025 13:59:30[0m
[0;32mI (31) boot: Multicore bootloader[0m
[0;32mI (32) boot: chip revision: v3.1[0m
[0;32mI (35) boot.esp32: SPI Speed      : 40MHz[0m
[0;32mI (39) boot.esp32: SPI Mode       : DIO[0m
[0;32mI (43) boot.esp32: SPI Flash Size : 2MB[0m
[0;32mI (46) boot: Enabling RNG early entropy source...[0m
[0;32mI (51) boot: Partition Table:[0m
[0;32mI (53) boot: ## Label            Usage          Type ST Offset   Length[0m
[0;32mI (60) boot:  0 nvs              WiFi data        01 02 00009000 00006000[0m
[0;32mI (66) boot:  1 phy_init         RF data          01 01 0000f000 00001000[0m
[0;32mI (73) boot:  2 factory          factory app      00 00 00010000 00100000[0m
[0;32mI (79) boot: End of partition table[0m
[0;32mI (82) esp_image: segment 0: paddr=00010020 vaddr=3f400020 size=19080h (102528) map[0m
[0;32mI (125) esp_image: segment 1: paddr=000290a8 vaddr=3ff80000 size=0001ch (    28) load[0m
[0;32mI (125) esp_image: segment 2: paddr=000290cc vaddr=3ffb0000 size=03f60h ( 16224) load[0m
[0;32mI (135) esp_image: segment 3: paddr=0002d034 vaddr=40080000 size=02fe4h ( 12260) load[0m
[0;32mI (141) esp_image: segment 4: paddr=00030020 vaddr=400d0020 size=883b8h (558008) map[0m
[0;32mI (334) esp_image: segment 5: paddr=000b83e0 vaddr=40082fe4 size=147dch ( 83932) load[0m
[0;32mI (379) boot: Loaded app from partition at offset 0x10000[0m
[0;32mI (379) boot: Disabling RNG early entropy source...[0m
[0;32mI (389) cpu_start: Multicore app[0m
[0;32mI (397) cpu_start: Pro cpu start user code[0m
[0;32mI (397) cpu_start: cpu freq: 160000000 Hz[0m
[0;32mI (398) app_init: Application information:[0m
[0;32mI (398) app_init: Project name:     esp-lcd-time[0m
[0;32mI (402) app_init: App version:      1[0m
[0;32mI (405) app_init: Compile time:     Apr 27 2025 13:58:41[0m
[0;32mI (410) app_init: ELF file SHA256:  fb24d01cc...[0m
[0;32mI (415) app_init: ESP-IDF:          v5.4.1[0m
[0;32mI (418) efuse_init: Min chip rev:     v0.0[0m
[0;32mI (422) efuse_init: Max chip rev:     v3.99 [0m
[0;32mI (426) efuse_init: Chip rev:         v3.1[0m
[0;32mI (430) heap_init: Initializing. RAM available for dynamic allocation:[0m
[0;32mI (437) heap_init: At 3FFAE6E0 len 00001920 (6 KiB): DRAM[0m
[0;32mI (442) heap_init: At 3FFB8758 len 000278A8 (158 KiB): DRAM[0m
[0;32mI (447) heap_init: At 3FFE0440 len 00003AE0 (14 KiB): D/IRAM[0m
[0;32mI (452) heap_init: At 3FFE4350 len 0001BCB0 (111 KiB): D/IRAM[0m
[0;32mI (458) heap_init: At 400977C0 len 00008840 (34 KiB): IRAM[0m
[0;32mI (465) spi_flash: detected chip: generic[0m
[0;32mI (467) spi_flash: flash io: dio[0m
[0;33mW (470) spi_flash: Detected size(4096k) larger than the size in the binary image header(2048k). Using the size in the binary image header.[0m
[0;32mI (483) main_task: Started on CPU0[0m
[0;32mI (493) main_task: Calling app_main()[0m
[0;32mI (523) wifi:wifi driver task: 3ffc0650, prio:23, stack:6656, core=0[0m
[0;32mI (533) wifi:wifi firmware version: 79fa3f41ba[0m
[0;32mI (533) wifi:wifi certification version: v7.0[0m
[0;32mI (533) wifi:config NVS flash: enabled[0m
[0;32mI (533) wifi:config nano formatting: disabled[0m
[0;32mI (533) wifi:Init data frame dynamic rx buffer num: 32[0m
[0;32mI (543) wifi:Init static rx mgmt buffer num: 5[0m
[0;32mI (543) wifi:Init management short buffer num: 32[0m
[0;32mI (553) wifi:Init dynamic tx buffer num: 32[0m
[0;32mI (553) wifi:Init static rx buffer size: 1600[0m
[0;32mI (563) wifi:Init static rx buffer num: 10[0m
[0;32mI (563) wifi:Init dynamic rx buffer num: 32[0m
[0;32mI (563) wifi_init: rx ba win: 6[0m
[0;32mI (573) wifi_init: accept mbox: 6[0m
[0;32mI (573) wifi_init: tcpip mbox: 32[0m
[0;32mI (573) wifi_init: udp mbox: 6[0m
[0;32mI (583) wifi_init: tcp mbox: 6[0m
[0;32mI (583) wifi_init: tcp tx win: 5760[0m
[0;32mI (583) wifi_init: tcp rx win: 5760[0m
[0;32mI (583) wifi_init: tcp mss: 1440[0m
[0;32mI (593) wifi_init: WiFi IRAM OP enabled[0m
[0;32mI (593) wifi_init: WiFi RX IRAM OP enabled[0m
[0;33mW (603) wifi:Password length matches WPA2 standards, authmode threshold changes from OPEN to WPA2[0m
[0;32mI (613) phy_init: phy_version 4860,6b7a6e5,Feb  6 2025,14:47:07[0m
[0;32mI (683) wifi:mode : sta (d8:bc:38:e5:04:58)[0m
[0;32mI (683) wifi:enable tsf[0m
[0;32mI (703) wifi:new:<6,0>, old:<1,0>, ap:<255,255>, sta:<6,0>, prof:1, snd_ch_cfg:0x0[0m
[0;32mI (703) wifi:state: init -> auth (0xb0)[0m
[0;32mI (713) wifi:state: auth -> assoc (0x0)[0m
[0;32mI (743) wifi:state: assoc -> run (0x10)[0m
[0;32mI (843) wifi:connected with Airtel_Melvin_5G, aid = 2, channel 6, BW20, bssid = 5c:8c:30:bf:53:89[0m
[0;32mI (843) wifi:security: WPA2-PSK, phy: bgn, rssi: -80[0m
[0;32mI (853) wifi:pm start, type: 1[0m

[0;32mI (853) wifi:dp: 1, bi: 102400, li: 3, scale listen interval from 307200 us to 307200 us[0m
[0;32mI (863) wifi:AP's beacon interval = 102400 us, DTIM period = 1[0m
[0;32mI (893) wifi:<ba-add>idx:0 (ifx:0, 5c:8c:30:bf:53:89), tid:0, ssn:3, winSize:64[0m
[0;32mI (2163) esp_netif_handlers: sta ip: 192.168.1.8, mask: 255.255.255.0, gw: 192.168.1.1[0m
[0;32mI (2163) wifi: Wi-Fi Connected Successfully![0m
[0;32mI (10693) time_sync: Starting SNTP...[0m
[0;32mI (10693) time_sync: Waiting for system time to be set... (1/10)[0m
[0;32mI (12693) time_sync: Waiting for system time to be set... (2/10)[0m
[0;32mI (14693) time_sync: Waiting for system time to be set... (3/10)[0m
[0;32mI (16693) time_sync: Time synchronized successfully![0m
22:39:40
22:39:41
22:39:42
22:39:43
22:39:44
22:39:45
22:39:46
22:39:47
22:39:48
22:39:49
22:39:50
22:39:51
22:39:52
22:39:53
22:39:54
22:39:55
22:39:56
22:39:57
22:39:58
22:39:59
22:40:00
22:40:01
22:40:02
22:40:03
22:40:04
22:40:05
22:40:06
22:40:07
22:40:08
22:40:09
22:40:10
22:40:11
22:40:12
22:40:13
22:40:14
22:40:15
22:40:16
22:40:17
22:40:18
22:40:19
22:40:20
22:40:21
22:40:22
22:40:23
22:40:24
22:40:25
22:40:26
22:40:27
22:40:28
22:40:29
22:40:30
22:40:31
22:40:32
22:40:33
22:40:34
22:40:35
22:40:36
22:40:37
22:40:38
22:40:39
22:40:40
22:40:41
22:40:42
22:40:43
22:40:44
22:40:45
22:40:46
22:40:47
22:40:48
22:40:49
22:40:50
22:40:51
22:40:52
22:40:53
22:40:54
22:40:55
22:40:56
22:40:57
22:40:58
22:40:59
22:41:00
22:41:01
22:41:02
22:41:03
22:41:04
22:41:05
22:41:06
22:41:07
22:41:08
22:41:09
22:41:10
22:41:11
22:41:12
22:41:13
22:41:14
22:41:15
22:41:16
22:41:17
22:41:18
22:41:19
22:41:20
22:41:21
22:41:22
22:41:23
22:41:24
22:41:25
22:41:26
22:41:27
22:41:28
22:41:29
22:41:30
22:41:31
22:41:32
22:41:33
22:41:34
22:41:35
22:41:36
22:41:37
22:41:38
22:41:39
22:41:40
22:41:41
22:41:42
22:41:43
22:41:44
22:41:45
22:41:46
22:41:47
22:41:48
22:41:49
22:41:50
22:41:51
22:41:52
22:41:53
22:41:54
22:41:55
22:41:56
22:41:57
22:41:58
22:41:59
22:42:00
22:42:01
22:42:02
22:42:03
22:42:04
22:42:05
22:42:06
22:42:07
22:42:08
22:42:09
22:42:10
22:42:11
22:42:12
22:42:13
22:42:14
22:42:15
22:42:16
22:42:17
22:42:18
22:42:19
22:42:20
22:42:21
22:42:22
22:42:23
22:42:24
22:42:25
22:42:26
22:42:27
22:42:28
22:42:29
22:42:30
22:42:31
22:42:32
22:42:33
22:42:34
22:42:35
22:42:36
22:42:37
22:42:38
22:42:39
22:42:40
22:42:41
22:42:42
22:42:43
22:42:44
22:42:45
22:42:46
22:42:47
22:42:48
22:42:49
22:42:50
22:42:51
22:42:52
22:42:53
22:42:54
22:42:55
22:42:56
22:42:57
22:42:58
22:42:59
22:43:00
22:43:01
22:43:02
22:43:03
22:43:04
22:43:05
22:43:06
22:43:07
22:43:08
22:43:09
22:43:10
22:43:11
22:43:12
22:43:13
22:43:14
22:43:15
22:43:16
22:43:17
22:43:18
22:43:19
22:43:20
22:43:21
22:43:22
22:43:23
22:43:24
22:43:25
22:43:26
22:43:27
22:43:28
22:43:29
22:43:30
22:43:31
22:43:32
22:43:33
22:43:34
22:43:35
22:43:36
22:43:37
22:43:38
22:43:39
22:43:40
22:43:41
22:43:42
22:43:43
22:43:44
22:43:45
22:43:46
22:43:47
22:43:48
22:43:49
22:43:50
22:43:51
22:43:52
22:43:53
22:43:54
22:43:55
22:43:56
22:43:57
22:43:58
22:43:59
22:44:00
22:44:01
22:44:02
22:44:03
22:44:04
22:44:05
22:44:06
22:44:07
22:44:08
22:44:09
22:44:10
22:44:11
22:44:12
22:44:13
22:44:14
22:44:15
22:44:16
22:44:17
22:44:18
22:44:19
22:44:20
22:44:21
22:44:22
22:44:23
22:44:24
22:44:25
22:44:26
22:44:27
22:44:28
22:44:29
22:44:30
22:44:31
22:44:32
22:44:33
22:44:34
22:44:35
22:44:36
22:44:37
22:44:38
22:44:39
22:44:40
22:44:41
22:44:42
22:44:43
22:44:44
22:44:45
22:44:46
22:44:47
22:44:48
22:44:49
22:44:50
22:44:51
22:44:52
22:44:53
22:44:54
22:44:55
22:44:56
22:44:57
22:44:58
22:44:59
22:45:00
22:45:01
22:45:02
22:45:03
22:45:04
22:45:05
22:45:06
22:45:07
22:45:08
22:45:09
22:45:10
22:45:11
22:45:12
22:45:13
22:45:14
22:45:15
22:45:16
22:45:17
22:45:18
22:45:19
22:45:20
22:45:21
22:45:22
22:45:23
22:45:24
22:45:25
22:45:26
22:45:27
22:45:28
22:45:29
22:45:30
22:45:31
22:45:32
22:45:33
22:45:34
22:45:35
22:45:36
22:45:37
22:45:38
22:45:39
22:45:40
22:45:41
22:45:42
22:45:43
22:45:44
22:45:45
22:45:46
22:45:47
22:45:48
22:45:49
22:45:50
22:45:51
22:45:52
22:45:53
22:45:54
22:45:55
22:45:56
22:45:57
22:45:58
22:45:59
22:46:00
22:46:01
22:46:02
22:46:03
22:46:04
22:46:05
22:46:06
22:46:07
22:46:08
22:46:09
22:46:10
22:46:11
22:46:12
22:46:13
22:46:14
22:46:15
22:46:16
22:46:17
22:46:18
22:46:19
22:46:20
22:46:21
22:46:22
22:46:23
22:46:24
22:46:25
22:46:26
22:46:27
22:46:28
22:46:29
22:46:30
22:46:31
22:46:32
22:46:33
22:46:34
22:46:35
22:46:36
22:46:37
22:46:38
22:46:39
22:46:40
22:46:41
22:46:42
22:46:43
22:46:44
22:46:45
22:46:46
22:46:47
22:46:48
22:46:49
22:46:50
22:46:51
22:46:52
22:46:53
22:46:54
22:46:55
22:46:56
22:46:57
22:46:58
22:46:59
22:47:00
22:47:01
22:47:02
22:47:03
22:47:04
22:47:05
22:47:06
22:47:07
22:47:08
22:47:09
22:47:10
22:47:11
22:47:12
22:47:13
22:47:14
22:47:15
22:47:16
22:47:17
22:47:18
22:47:19
22:47:20
22:47:21
22:47:22
22:47:23
22:47:24
22:47:25
22:47:26
22:47:27
22:47:28
22:47:29
22:47:30
22:47:31
22:47:32
22:47:33
22:47:34
22:47:35
22:47:36
22:47:37
22:47:38
22:47:39
22:47:40
22:47:41
22:47:42
22:47:43
22:47:44
22:47:45
22:47:46
22:47:47
22:47:48
22:47:49
22:47:50
22:47:51
22:47:52
22:47:53
22:47:54
22:47:55
22:47:56
22:47:57
22:47:58
22:47:59
22:48:00
22:48:01
22:48:02
22:48:03
22:48:04
